Archive member included to satisfy reference by file (symbol)

libfoo.a(foo.o)               main.o (foo)

Merging program properties

Removed property 0xc0000002 to merge main.o (0x3) and start.o (not found)
Removed property 0xc0000002 to merge main.o (not found) and libfoo.a(foo.o) (0x3)

Discarded input sections

 .note.gnu.property
                0x0000000000000000       0x20 main.o
 .note.gnu.property
                0x0000000000000000       0x20 libfoo.a(foo.o)

Memory Configuration

Name             Origin             Length             Attributes
ROM              0x0000000000400000 0x0000000000010000 xr
*default*        0x0000000000000000 0xffffffffffffffff

Linker script and memory map


.text           0x0000000000400000       0x2f
                0x0000000000400000                _stext = .
 *(.text)
 .text          0x0000000000400000        0xe start.o
                0x0000000000400000                _start
 .text          0x000000000040000e       0x12 main.o
                0x000000000040000e                main
 .text          0x0000000000400020        0xf libfoo.a(foo.o)
                0x0000000000400020                foo
 *(.text.*)
                0x000000000040002f                _etext = .
LOAD start.o
LOAD main.o
LOAD libfoo.a
OUTPUT(trace.elf elf64-x86-64)

.eh_frame       0x0000000000400030       0x58
 .eh_frame      0x0000000000400030       0x38 main.o
 .eh_frame      0x0000000000400068       0x20 libfoo.a(foo.o)
                                         0x38 (size before relaxing)

.iplt           0x0000000000400088        0x0
 .iplt          0x0000000000400088        0x0 start.o

.rela.dyn       0x0000000000400088        0x0
 .rela.got      0x0000000000400088        0x0 start.o
 .rela.iplt     0x0000000000400088        0x0 start.o

.data           0x0000000000400088        0x0
 .data          0x0000000000400088        0x0 start.o
 .data          0x0000000000400088        0x0 main.o
 .data          0x0000000000400088        0x0 libfoo.a(foo.o)

.got            0x0000000000400088        0x0
 .got           0x0000000000400088        0x0 start.o

.got.plt        0x0000000000400088        0x0
 .got.plt       0x0000000000400088        0x0 start.o

.igot.plt       0x0000000000400088        0x0
 .igot.plt      0x0000000000400088        0x0 start.o

.bss            0x0000000000400088        0x0
 .bss           0x0000000000400088        0x0 start.o
 .bss           0x0000000000400088        0x0 main.o
 .bss           0x0000000000400088        0x0 libfoo.a(foo.o)

.note.GNU-stack
                0x0000000000000000        0x0
 .note.GNU-stack
                0x0000000000000000        0x0 start.o
 .note.GNU-stack
                0x0000000000000000        0x0 main.o
 .note.GNU-stack
                0x0000000000000000        0x0 libfoo.a(foo.o)

.comment        0x0000000000000000       0x2d
 .comment       0x0000000000000000       0x2d main.o
                                         0x2e (size before relaxing)
 .comment       0x000000000000002d       0x2e libfoo.a(foo.o)
