
Merging program properties

Removed property 0xc0000002 to merge main.o (0x3) and start.o (not found)
Removed property 0xc0000002 to merge main.o (not found) and data.o (0x3)

Discarded input sections

 .comment       0x0000000000000000       0x2e main.o
 .note.GNU-stack
                0x0000000000000000        0x0 main.o
 .note.gnu.property
                0x0000000000000000       0x20 main.o
 .comment       0x0000000000000000       0x2e data.o
 .note.GNU-stack
                0x0000000000000000        0x0 data.o
 .note.gnu.property
                0x0000000000000000       0x20 data.o

Memory Configuration

Name             Origin             Length             Attributes
ROM              0x0000000000400000 0x0000000000010000 xr
RAM              0x0000000000600000 0x0000000000010000 rw
*default*        0x0000000000000000 0xffffffffffffffff

Linker script and memory map


.text           0x0000000000400000       0x38
 *(.text .text.*)
 .text          0x0000000000400000        0x6 start.o
                0x0000000000400000                _start
 .text          0x0000000000400006        0x0 main.o
 .text.main     0x0000000000400006       0x32 main.o
                0x0000000000400006                main
 .text          0x0000000000400038        0x0 data.o

.iplt           0x0000000000400038        0x0
 .iplt          0x0000000000400038        0x0 start.o

.rodata         0x0000000000400038        0x7
 *(.rodata .rodata.*)
 .rodata.message
                0x0000000000400038        0x7 data.o
                0x0000000000400038                message

.eh_frame       0x0000000000400040       0x38
 *(.eh_frame)
 .eh_frame      0x0000000000400040       0x38 main.o

.rela.dyn       0x0000000000400078        0x0
 .rela.got      0x0000000000400078        0x0 start.o
 .rela.iplt     0x0000000000400078        0x0 start.o

.data           0x0000000000600000        0x8 load address 0x0000000000401000
                0x0000000000600000                __data_start = .
 *(.data .data.*)
 .data          0x0000000000600000        0x0 start.o
 .data          0x0000000000600000        0x0 main.o
 .data          0x0000000000600000        0x0 data.o
 .data.counter  0x0000000000600000        0x4 data.o
                0x0000000000600000                counter
 .data.magic    0x0000000000600004        0x4 data.o
                0x0000000000600004                magic
                0x0000000000600008                __data_end = .
                0x0000000000401000                __data_load_start = LOADADDR (.data)
                0x0000000000000008                __data_size = SIZEOF (.data)

.got            0x0000000000600008        0x0 load address 0x0000000000401008
 .got           0x0000000000600008        0x0 start.o

.got.plt        0x0000000000600008        0x0 load address 0x0000000000401008
 .got.plt       0x0000000000600008        0x0 start.o

.igot.plt       0x0000000000600008        0x0 load address 0x0000000000401008
 .igot.plt      0x0000000000600008        0x0 start.o

.bss            0x0000000000600020     0x1000 load address 0x0000000000401020
                0x0000000000600020                __bss_start = .
 *(.bss .bss.*)
 .bss           0x0000000000600020        0x0 start.o
 .bss           0x0000000000600020        0x0 main.o
 .bss           0x0000000000600020        0x0 data.o
 .bss.buffer    0x0000000000600020     0x1000 data.o
                0x0000000000600020                buffer
 *(COMMON)
                0x0000000000601020                __bss_end = .

/DISCARD/
 *(.comment)
 *(.note*)
LOAD start.o
LOAD main.o
LOAD data.o
OUTPUT(maxpage.elf elf64-x86-64)
