
Merging program properties

Removed property 0xc0000002 to merge main.o (0x3) and start.o (not found)

Discarded input sections

 .note.gnu.property
                0x0000000000000000       0x20 main.o

Memory Configuration

Name             Origin             Length             Attributes
ROM              0x0000000000400000 0x0000000000010000 xr
RAM              0x0000000000600000 0x0000000000010000 rw
*default*        0x0000000000000000 0xffffffffffffffff

Linker script and memory map


.text           0x0000000000400000       0x32
                0x0000000000400000                _stext = .
 *(.text)
 .text          0x0000000000400000        0xe start.o
                0x0000000000400000                _start
 .text          0x000000000040000e       0x24 main.o
                0x000000000040000e                main
                0x0000000000400032                _etext = .

.iplt           0x0000000000400032        0x0
 .iplt          0x0000000000400032        0x0 start.o

.rela.dyn       0x0000000000400038        0x0
 .rela.got      0x0000000000400038        0x0 start.o
 .rela.iplt     0x0000000000400038        0x0 start.o

.rodata
 *(.rodata)

.eh_frame       0x0000000000400038       0x38
 .eh_frame      0x0000000000400038       0x38 main.o

.data           0x0000000000600000        0xc load address 0x0000000000400070
                0x0000000000600000                _sdata = .
 *(.data)
 .data          0x0000000000600000        0x0 start.o
 .data          0x0000000000600000        0xc main.o
                0x0000000000600000                a
                0x0000000000600004                b
                0x0000000000600008                c
                0x000000000060000c                _edata = .

.got            0x0000000000600010        0x0 load address 0x000000000040007c
 .got           0x0000000000600010        0x0 start.o

.got.plt        0x0000000000600010        0x0 load address 0x000000000040007c
 .got.plt       0x0000000000600010        0x0 start.o

.igot.plt       0x0000000000600010        0x0 load address 0x000000000040007c
 .igot.plt      0x0000000000600010        0x0 start.o

.bss            0x000000000060000c        0x0 load address 0x000000000040007c
                0x000000000060000c                _sbss = .
 *(.bss)
 .bss           0x000000000060000c        0x0 start.o
 .bss           0x000000000060000c        0x0 main.o
 *(COMMON)
                0x000000000060000c                _ebss = .
LOAD start.o
LOAD main.o
OUTPUT(custom.elf elf64-x86-64)

.note.GNU-stack
                0x0000000000000000        0x0
 .note.GNU-stack
                0x0000000000000000        0x0 start.o
 .note.GNU-stack
                0x0000000000000000        0x0 main.o

.comment        0x0000000000000000       0x2d
 .comment       0x0000000000000000       0x2d main.o
                                         0x2e (size before relaxing)
