
Merging program properties

Removed property 0xc0000002 to merge init.o (0x3) and start.o (not found)
Removed property 0xc0000002 to merge init.o (not found) and main.o (0x3)

Discarded input sections

 .note.gnu.property
                0x0000000000000000       0x20 init.o
 .note.gnu.property
                0x0000000000000000       0x20 main.o

Memory Configuration

Name             Origin             Length             Attributes
ROM              0x0000000000400000 0x0000000000010000 xr
RAM              0x0000000000600000 0x0000000000010000 rw
*default*        0x0000000000000000 0xffffffffffffffff

Linker script and memory map


.text           0x0000000000400000       0xe2
                0x0000000000400000                _stext = .
 *(.text)
 .text          0x0000000000400000        0xe start.o
                0x0000000000400000                _start
 .text          0x000000000040000e       0x83 init.o
                0x000000000040000e                copy_data
                0x000000000040005c                clear_bss
 .text          0x0000000000400091       0x51 main.o
                0x0000000000400091                add
                0x00000000004000a9                main
 *(.text.*)
                0x00000000004000e2                _etext = .

.iplt           0x00000000004000e2        0x0
 .iplt          0x00000000004000e2        0x0 start.o

.rodata         0x00000000004000e2        0x7
 *(.rodata)
 .rodata        0x00000000004000e2        0x7 main.o
                0x00000000004000e2                message
 *(.rodata.*)

.eh_frame       0x00000000004000f0       0x98
 .eh_frame      0x00000000004000f0       0x58 init.o
 .eh_frame      0x0000000000400148       0x40 main.o
                                         0x58 (size before relaxing)

.rela.dyn       0x0000000000400188        0x0
 .rela.got      0x0000000000400188        0x0 start.o
 .rela.iplt     0x0000000000400188        0x0 start.o
 .rela.text     0x0000000000400188        0x0 start.o

.data           0x0000000000600000        0x4 load address 0x0000000000400188
                0x0000000000600000                _sdata = .
 *(.data)
 .data          0x0000000000600000        0x0 start.o
 .data          0x0000000000600000        0x0 init.o
 .data          0x0000000000600000        0x4 main.o
                0x0000000000600000                initialized_value
 *(.data.*)
                0x0000000000600004                _edata = .
                0x0000000000400188                _data_load = LOADADDR (.data)

.got            0x0000000000600008        0x0 load address 0x000000000040018c
 .got           0x0000000000600008        0x0 start.o

.got.plt        0x0000000000600008        0x0 load address 0x000000000040018c
 .got.plt       0x0000000000600008        0x0 start.o

.igot.plt       0x0000000000600008        0x0 load address 0x000000000040018c
 .igot.plt      0x0000000000600008        0x0 start.o

.bss            0x0000000000600004        0x4 load address 0x000000000040018c
                0x0000000000600004                _sbss = .
 *(.bss)
 .bss           0x0000000000600004        0x0 start.o
 .bss           0x0000000000600004        0x0 init.o
 .bss           0x0000000000600004        0x4 main.o
                0x0000000000600004                zero_value
 *(.bss.*)
 *(COMMON)
                0x0000000000600008                _ebss = .
LOAD start.o
LOAD init.o
LOAD main.o
OUTPUT(no-phdr.elf elf64-x86-64)

.note.GNU-stack
                0x0000000000000000        0x0
 .note.GNU-stack
                0x0000000000000000        0x0 start.o
 .note.GNU-stack
                0x0000000000000000        0x0 init.o
 .note.GNU-stack
                0x0000000000000000        0x0 main.o

.comment        0x0000000000000000       0x2d
 .comment       0x0000000000000000       0x2d init.o
                                         0x2e (size before relaxing)
 .comment       0x000000000000002d       0x2e main.o
