
Merging program properties

Removed property 0xc0000002 to merge main.o (0x3) and start.o (not found)
Removed property 0xc0000002 to merge main.o (not found) and overlay_a.o (0x3)
Removed property 0xc0000002 to merge main.o (not found) and overlay_b.o (0x3)
Removed property 0xc0000002 to merge main.o (not found) and overlay_c.o (0x3)

Discarded input sections

 .note.gnu.property
                0x0000000000000000       0x20 main.o
 .note.gnu.property
                0x0000000000000000       0x20 overlay_a.o
 .note.gnu.property
                0x0000000000000000       0x20 overlay_b.o
 .note.gnu.property
                0x0000000000000000       0x20 overlay_c.o

Memory Configuration

Name             Origin             Length             Attributes
ROM              0x0000000000400000 0x0000000000010000 xr
RAM              0x0000000000600000 0x0000000000010000 rw
*default*        0x0000000000000000 0xffffffffffffffff

Linker script and memory map


.text           0x0000000000400000       0x1d
                0x0000000000400000                _stext = .
 *(.text)
 .text          0x0000000000400000        0xe start.o
                0x0000000000400000                _start
 .text          0x000000000040000e        0xf main.o
                0x000000000040000e                main
 .text          0x000000000040001d        0x0 overlay_a.o
 .text          0x000000000040001d        0x0 overlay_b.o
 .text          0x000000000040001d        0x0 overlay_c.o
 *(.text.*)
                0x000000000040001d                _etext = .

.iplt           0x000000000040001d        0x0
 .iplt          0x000000000040001d        0x0 start.o

.rodata
 *(.rodata)
 *(.rodata.*)

.eh_frame       0x0000000000400020       0x98
 .eh_frame      0x0000000000400020       0x38 main.o
 .eh_frame      0x0000000000400058       0x20 overlay_a.o
                                         0x38 (size before relaxing)
 .eh_frame      0x0000000000400078       0x20 overlay_b.o
                                         0x38 (size before relaxing)
 .eh_frame      0x0000000000400098       0x20 overlay_c.o
                                         0x38 (size before relaxing)
                0x0000000000602000                . = 0x602000

.overlay_a      0x0000000000602000        0xf load address 0x0000000000401000
 *(.overlay_a)
 .overlay_a     0x0000000000602000        0xf overlay_a.o
                0x0000000000602000                overlay_a
                [!provide]                        PROVIDE (__load_start_overlay_a = LOADADDR (.overlay_a))
                [!provide]                        PROVIDE (__load_stop_overlay_a = (LOADADDR (.overlay_a) + SIZEOF (.overlay_a)))

.overlay_b      0x0000000000602000        0xf load address 0x000000000040100f
 *(.overlay_b)
 .overlay_b     0x0000000000602000        0xf overlay_b.o
                0x0000000000602000                overlay_b
                [!provide]                        PROVIDE (__load_start_overlay_b = LOADADDR (.overlay_b))
                [!provide]                        PROVIDE (__load_stop_overlay_b = (LOADADDR (.overlay_b) + SIZEOF (.overlay_b)))

.overlay_c      0x0000000000602000        0xf load address 0x000000000040101e
 *(.overlay_c)
 .overlay_c     0x0000000000602000        0xf overlay_c.o
                0x0000000000602000                overlay_c
                [!provide]                        PROVIDE (__load_start_overlay_c = LOADADDR (.overlay_c))
                [!provide]                        PROVIDE (__load_stop_overlay_c = (LOADADDR (.overlay_c) + SIZEOF (.overlay_c)))

.rela.dyn       0x0000000000602010        0x0 load address 0x0000000000401030
 .rela.got      0x0000000000602010        0x0 start.o
 .rela.iplt     0x0000000000602010        0x0 start.o

.data           0x000000000060200f        0x0 load address 0x00000000004000b8
                0x000000000060200f                _sdata = .
 *(.data)
 .data          0x000000000060200f        0x0 start.o
 .data          0x000000000060200f        0x0 main.o
 .data          0x000000000060200f        0x0 overlay_a.o
 .data          0x000000000060200f        0x0 overlay_b.o
 .data          0x000000000060200f        0x0 overlay_c.o
 *(.data.*)
                0x000000000060200f                _edata = .

.got            0x0000000000602010        0x0 load address 0x00000000004000b8
 .got           0x0000000000602010        0x0 start.o

.got.plt        0x0000000000602010        0x0 load address 0x00000000004000b8
 .got.plt       0x0000000000602010        0x0 start.o

.igot.plt       0x0000000000602010        0x0 load address 0x00000000004000b8
 .igot.plt      0x0000000000602010        0x0 start.o

.bss            0x000000000060200f        0x0 load address 0x00000000004000b8
                0x000000000060200f                _sbss = .
 *(.bss)
 .bss           0x000000000060200f        0x0 start.o
 .bss           0x000000000060200f        0x0 main.o
 .bss           0x000000000060200f        0x0 overlay_a.o
 .bss           0x000000000060200f        0x0 overlay_b.o
 .bss           0x000000000060200f        0x0 overlay_c.o
 *(.bss.*)
 *(COMMON)
                0x000000000060200f                _ebss = .
LOAD start.o
LOAD main.o
LOAD overlay_a.o
LOAD overlay_b.o
LOAD overlay_c.o
OUTPUT(overlay.elf elf64-x86-64)

.note.GNU-stack
                0x0000000000000000        0x0
 .note.GNU-stack
                0x0000000000000000        0x0 start.o
 .note.GNU-stack
                0x0000000000000000        0x0 main.o
 .note.GNU-stack
                0x0000000000000000        0x0 overlay_a.o
 .note.GNU-stack
                0x0000000000000000        0x0 overlay_b.o
 .note.GNU-stack
                0x0000000000000000        0x0 overlay_c.o

.comment        0x0000000000000000       0x2d
 .comment       0x0000000000000000       0x2d main.o
                                         0x2e (size before relaxing)
 .comment       0x000000000000002d       0x2e overlay_a.o
 .comment       0x000000000000002d       0x2e overlay_b.o
 .comment       0x000000000000002d       0x2e overlay_c.o
