
Merging program properties

Removed property 0xc0000002 to merge main.o (0x3) and start.o (not found)
Removed property 0xc0000002 to merge main.o (not found) and orphan.o (0x3)

Discarded input sections

 .note.gnu.property
                0x0000000000000000       0x20 main.o
 .note.gnu.property
                0x0000000000000000       0x20 orphan.o

Memory Configuration

Name             Origin             Length             Attributes
ROM              0x0000000000400000 0x0000000000010000 xr
RAM              0x0000000000600000 0x0000000000010000 rw
*default*        0x0000000000000000 0xffffffffffffffff

Linker script and memory map


.text           0x0000000000400000       0x15
 *(.text)
 .text          0x0000000000400000        0x6 start.o
                0x0000000000400000                _start
 .text          0x0000000000400006        0xf main.o
                0x0000000000400006                main
 .text          0x0000000000400015        0x0 orphan.o
 *(.text.*)

.eh_frame       0x0000000000400018       0x58
 .eh_frame      0x0000000000400018       0x38 main.o
 .eh_frame      0x0000000000400050       0x20 orphan.o
                                         0x38 (size before relaxing)

.iplt           0x0000000000400070        0x0
 .iplt          0x0000000000400070        0x0 start.o

.my_code        0x0000000000400070        0xb
 .my_code       0x0000000000400070        0xb orphan.o
                0x0000000000400070                orphan_function

.rela.dyn       0x0000000000400080        0x0
 .rela.got      0x0000000000400080        0x0 start.o
 .rela.iplt     0x0000000000400080        0x0 start.o

.data           0x0000000000600000        0x0
 *(.data)
 .data          0x0000000000600000        0x0 start.o
 .data          0x0000000000600000        0x0 main.o
 .data          0x0000000000600000        0x0 orphan.o
 *(.data.*)

.got            0x0000000000600000        0x0
 .got           0x0000000000600000        0x0 start.o

.got.plt        0x0000000000600000        0x0
 .got.plt       0x0000000000600000        0x0 start.o

.igot.plt       0x0000000000600000        0x0
 .igot.plt      0x0000000000600000        0x0 start.o

.my_data        0x0000000000600000        0x4
 .my_data       0x0000000000600000        0x4 orphan.o
                0x0000000000600000                orphan_data

.my_bss         0x0000000000600004        0x4
 .my_bss        0x0000000000600004        0x4 orphan.o
                0x0000000000600004                orphan_bss

.bss            0x0000000000600008        0x0
 *(.bss)
 .bss           0x0000000000600008        0x0 start.o
 .bss           0x0000000000600008        0x0 main.o
 .bss           0x0000000000600008        0x0 orphan.o
 *(.bss.*)
 *(COMMON)
LOAD start.o
LOAD main.o
LOAD orphan.o
OUTPUT(orphan01.elf elf64-x86-64)

.note.GNU-stack
                0x0000000000000000        0x0
 .note.GNU-stack
                0x0000000000000000        0x0 start.o
 .note.GNU-stack
                0x0000000000000000        0x0 main.o
 .note.GNU-stack
                0x0000000000000000        0x0 orphan.o

.comment        0x0000000000000000       0x2d
 .comment       0x0000000000000000       0x2d main.o
                                         0x2e (size before relaxing)
 .comment       0x000000000000002d       0x2e orphan.o
