
Merging program properties

Removed property 0xc0000002 to merge main.o (0x3) and start.o (not found)

Discarded input sections

 .note.gnu.property
                0x0000000000000000       0x20 main.o

Memory Configuration

Name             Origin             Length             Attributes
ROM              0x0000000000400000 0x0000000000010000 xr
RAM              0x0000000000600000 0x0000000000010000 rw
*default*        0x0000000000000000 0xffffffffffffffff

Linker script and memory map


.text           0x0000000000400000       0x2d
                0x0000000000400000                _stext = .
 *(.text)
 .text          0x0000000000400000        0xe start.o
                0x0000000000400000                _start
 .text          0x000000000040000e       0x1f main.o
                0x000000000040000e                main
 *(.text.*)
                0x000000000040002d                _etext = .
                0x0000000000000001                ASSERT ((SIZEOF (.text) <= LENGTH (ROM)), ERROR: .text exceeds ROM)
LOAD start.o
LOAD main.o
OUTPUT(assert.elf elf64-x86-64)

.eh_frame       0x0000000000400030       0x38
 .eh_frame      0x0000000000400030       0x38 main.o

.iplt           0x0000000000400068        0x0
 .iplt          0x0000000000400068        0x0 start.o

.rela.dyn       0x0000000000400068        0x0
 .rela.got      0x0000000000400068        0x0 start.o
 .rela.iplt     0x0000000000400068        0x0 start.o

.data           0x0000000000400068        0x4
 .data          0x0000000000400068        0x0 start.o
 .data          0x0000000000400068        0x4 main.o
                0x0000000000400068                initialized_value

.got            0x0000000000400070        0x0
 .got           0x0000000000400070        0x0 start.o

.got.plt        0x0000000000400070        0x0
 .got.plt       0x0000000000400070        0x0 start.o

.igot.plt       0x0000000000400070        0x0
 .igot.plt      0x0000000000400070        0x0 start.o

.bss            0x000000000040006c        0xc
 .bss           0x000000000040006c        0x0 start.o
 .bss           0x000000000040006c        0xc main.o
                0x000000000040006c                huge_buffer
                0x0000000000400074                zero_value

.note.GNU-stack
                0x0000000000000000        0x0
 .note.GNU-stack
                0x0000000000000000        0x0 start.o
 .note.GNU-stack
                0x0000000000000000        0x0 main.o

.comment        0x0000000000000000       0x2d
 .comment       0x0000000000000000       0x2d main.o
                                         0x2e (size before relaxing)
