
Merging program properties

Removed property 0xc0000002 to merge main.o (0x3) and start.o (not found)

Discarded input sections

 .note.gnu.property
                0x0000000000000000       0x20 main.o

Memory Configuration

Name             Origin             Length             Attributes
ROM              0x0000000000400000 0x0000000000010000 xr
*default*        0x0000000000000000 0xffffffffffffffff

Linker script and memory map


.text           0x0000000000400000       0x1d
 *(.text)
 .text          0x0000000000400000        0xe start.o
                0x0000000000400000                _start
 .text          0x000000000040000e        0xf main.o
                0x000000000040000e                main
 .text          0x000000000040001d        0x0 foo1.o
 .text          0x000000000040001d        0x0 foo2.o
 .text          0x000000000040001d        0x0 foo3.o

.iplt           0x000000000040001d        0x0
 .iplt          0x000000000040001d        0x0 start.o

.foo            0x0000000000400020       0x24
                0x0000000000400020                foo_start = .
 *(.foo)
 .foo           0x0000000000400020        0x4 foo1.o
 *fill*         0x0000000000400024        0xc 
 .foo           0x0000000000400030        0x4 foo2.o
 *fill*         0x0000000000400034        0xc 
 .foo           0x0000000000400040        0x4 foo3.o
                0x0000000000400044                foo_end = .
LOAD start.o
LOAD main.o
LOAD foo1.o
LOAD foo2.o
LOAD foo3.o
OUTPUT(normal.elf elf64-x86-64)

.eh_frame       0x0000000000400048       0x38
 .eh_frame      0x0000000000400048       0x38 main.o

.rela.dyn       0x0000000000400080        0x0
 .rela.got      0x0000000000400080        0x0 start.o
 .rela.iplt     0x0000000000400080        0x0 start.o

.data           0x0000000000400080        0x0
 .data          0x0000000000400080        0x0 start.o
 .data          0x0000000000400080        0x0 main.o
 .data          0x0000000000400080        0x0 foo1.o
 .data          0x0000000000400080        0x0 foo2.o
 .data          0x0000000000400080        0x0 foo3.o

.got            0x0000000000400080        0x0
 .got           0x0000000000400080        0x0 start.o

.got.plt        0x0000000000400080        0x0
 .got.plt       0x0000000000400080        0x0 start.o

.igot.plt       0x0000000000400080        0x0
 .igot.plt      0x0000000000400080        0x0 start.o

.bss            0x0000000000400080        0x0
 .bss           0x0000000000400080        0x0 start.o
 .bss           0x0000000000400080        0x0 main.o
 .bss           0x0000000000400080        0x0 foo1.o
 .bss           0x0000000000400080        0x0 foo2.o
 .bss           0x0000000000400080        0x0 foo3.o

.note.GNU-stack
                0x0000000000000000        0x0
 .note.GNU-stack
                0x0000000000000000        0x0 start.o
 .note.GNU-stack
                0x0000000000000000        0x0 main.o
 .note.GNU-stack
                0x0000000000000000        0x0 foo1.o
 .note.GNU-stack
                0x0000000000000000        0x0 foo2.o
 .note.GNU-stack
                0x0000000000000000        0x0 foo3.o

.comment        0x0000000000000000       0x2d
 .comment       0x0000000000000000       0x2d main.o
                                         0x2e (size before relaxing)
