
Merging program properties

Removed property 0xc0000002 to merge main.o (0x3) and start.o (not found)
Removed property 0xc0000002 to merge main.o (not found) and a.o (0x3)
Removed property 0xc0000002 to merge main.o (not found) and b.o (0x3)
Removed property 0xc0000002 to merge main.o (not found) and c.o (0x3)

Discarded input sections

 .note.gnu.property
                0x0000000000000000       0x20 main.o
 .note.gnu.property
                0x0000000000000000       0x20 a.o
 .note.gnu.property
                0x0000000000000000       0x20 b.o
 .note.gnu.property
                0x0000000000000000       0x20 c.o

Memory Configuration

Name             Origin             Length             Attributes
ROM              0x0000000000400000 0x0000000000010000 xr
*default*        0x0000000000000000 0xffffffffffffffff

Linker script and memory map


.text           0x0000000000400000       0x15
 *(.text)
 .text          0x0000000000400000        0x6 start.o
                0x0000000000400000                _start
 .text          0x0000000000400006        0xf main.o
                0x0000000000400006                main
 .text          0x0000000000400015        0x0 a.o
 .text          0x0000000000400015        0x0 b.o
 .text          0x0000000000400015        0x0 c.o
 *(.text.*)

.eh_frame       0x0000000000400018       0x38
 .eh_frame      0x0000000000400018       0x38 main.o

.iplt           0x0000000000400050        0x0
 .iplt          0x0000000000400050        0x0 start.o

.rela.dyn       0x0000000000400050        0x0
 .rela.got      0x0000000000400050        0x0 start.o
 .rela.iplt     0x0000000000400050        0x0 start.o

.custom         0x0000000000400050        0x3
 *(.foo)
 .foo           0x0000000000400050        0x1 a.o
                0x0000000000400050                foo_a
 *(.bar)
 .bar           0x0000000000400051        0x1 b.o
                0x0000000000400051                foo_b
 *(.baz)
 .baz           0x0000000000400052        0x1 c.o
                0x0000000000400052                foo_c
LOAD start.o
LOAD main.o
LOAD a.o
LOAD b.o
LOAD c.o
OUTPUT(align01.elf elf64-x86-64)

.data           0x0000000000400053        0x0
 .data          0x0000000000400053        0x0 start.o
 .data          0x0000000000400053        0x0 main.o
 .data          0x0000000000400053        0x0 a.o
 .data          0x0000000000400053        0x0 b.o
 .data          0x0000000000400053        0x0 c.o

.got            0x0000000000400058        0x0
 .got           0x0000000000400058        0x0 start.o

.got.plt        0x0000000000400058        0x0
 .got.plt       0x0000000000400058        0x0 start.o

.igot.plt       0x0000000000400058        0x0
 .igot.plt      0x0000000000400058        0x0 start.o

.bss            0x0000000000400053        0x0
 .bss           0x0000000000400053        0x0 start.o
 .bss           0x0000000000400053        0x0 main.o
 .bss           0x0000000000400053        0x0 a.o
 .bss           0x0000000000400053        0x0 b.o
 .bss           0x0000000000400053        0x0 c.o

.comment        0x0000000000000000       0x2d
 .comment       0x0000000000000000       0x2d main.o
                                         0x2e (size before relaxing)
 .comment       0x000000000000002d       0x2e a.o
 .comment       0x000000000000002d       0x2e b.o
 .comment       0x000000000000002d       0x2e c.o

.note.GNU-stack
                0x0000000000000000        0x0
 .note.GNU-stack
                0x0000000000000000        0x0 main.o
 .note.GNU-stack
                0x0000000000000000        0x0 a.o
 .note.GNU-stack
                0x0000000000000000        0x0 b.o
 .note.GNU-stack
                0x0000000000000000        0x0 c.o
