
Merging program properties

Removed property 0xc0000002 to merge main.o (0x3) and start.o (not found)

Discarded input sections

 .note.gnu.property
                0x0000000000000000       0x20 main.o

Memory Configuration

Name             Origin             Length             Attributes
ROM              0x0000000000400000 0x0000000000010000 xr
RAM              0x0000000000600000 0x0000000000010000 rw
*default*        0x0000000000000000 0xffffffffffffffff

Linker script and memory map

                0x0000000000002000                PROVIDE (__heap_size = 0x2000)
                0x0000000000002000                PROVIDE (__stack_size = 0x2000)

.text           0x0000000000400000       0x23
                0x0000000000400000                _stext = .
 *(.text)
 .text          0x0000000000400000        0x6 start.o
                0x0000000000400000                _start
 .text          0x0000000000400006       0x1d main.o
                0x0000000000400006                main
 *(.text.*)
                0x0000000000400023                _etext = .

.iplt           0x0000000000400023        0x0
 .iplt          0x0000000000400023        0x0 start.o

.rela.dyn       0x0000000000400028        0x0
 .rela.got      0x0000000000400028        0x0 start.o
 .rela.iplt     0x0000000000400028        0x0 start.o
 .rela.text     0x0000000000400028        0x0 start.o

.rodata         0x0000000000400023        0x0
                0x0000000000400023                _srodata = .
 *(.rodata)
 *(.rodata.*)
                0x0000000000400023                _erodata = .

.eh_frame       0x0000000000400028       0x38
 .eh_frame      0x0000000000400028       0x38 main.o

.data           0x0000000000600000        0x4 load address 0x0000000000400060
                0x0000000000600000                _sdata = .
 *(.data)
 .data          0x0000000000600000        0x0 start.o
 .data          0x0000000000600000        0x4 main.o
                0x0000000000600000                global_data
 *(.data.*)
                0x0000000000600004                _edata = .
                0x0000000000400060                _data_load = LOADADDR (.data)
                0x0000000000400064                _data_load_end = (LOADADDR (.data) + SIZEOF (.data))

.got            0x0000000000600008        0x0 load address 0x0000000000400064
 .got           0x0000000000600008        0x0 start.o

.got.plt        0x0000000000600008        0x0 load address 0x0000000000400064
 .got.plt       0x0000000000600008        0x0 start.o

.igot.plt       0x0000000000600008        0x0 load address 0x0000000000400064
 .igot.plt      0x0000000000600008        0x0 start.o

.bss            0x0000000000600004        0x0 load address 0x0000000000400064
                0x0000000000600004                _sbss = .
 *(.bss)
 .bss           0x0000000000600004        0x0 start.o
 .bss           0x0000000000600004        0x0 main.o
 *(.bss.*)
 *(COMMON)
                0x0000000000600004                _ebss = .
                0x0000000000600010                . = ALIGN (0x10)
                0x0000000000600010                __heap_start = .
                0x0000000000602010                __heap_end = (__heap_start + __heap_size)
                0x0000000000610000                __stack_top = (ORIGIN (RAM) + LENGTH (RAM))
                0x000000000060e000                __stack_start = (__stack_top - __stack_size)
                [!provide]                        PROVIDE (__ram_start = ORIGIN (RAM))
                0x0000000000610000                PROVIDE (__ram_end = (ORIGIN (RAM) + LENGTH (RAM)))
                0x0000000000000001                ASSERT ((__heap_end <= __stack_start), ERROR: heap overlaps stack)
                0x0000000000000001                ASSERT ((__stack_start >= ORIGIN (RAM)), ERROR: stack start exceeds RAM)
                0x0000000000000001                ASSERT ((__stack_top <= (ORIGIN (RAM) + LENGTH (RAM))), ERROR: stack top exceeds RAM)
                0x0000000000000001                ASSERT ((_data_load_end <= (ORIGIN (ROM) + LENGTH (ROM))), ERROR: .data image exceeds ROM)
LOAD start.o
LOAD main.o
OUTPUT(heap-stack.elf elf64-x86-64)

.comment        0x0000000000000000       0x2d
 .comment       0x0000000000000000       0x2d main.o
                                         0x2e (size before relaxing)

.note.GNU-stack
                0x0000000000000000        0x0
 .note.GNU-stack
                0x0000000000000000        0x0 main.o
