
Merging program properties

Removed property 0xc0000002 to merge main.o (0x3) and start.o (not found)

Discarded input sections

 .note.gnu.property
                0x0000000000000000       0x20 main.o

Memory Configuration

Name             Origin             Length             Attributes
*default*        0x0000000000000000 0xffffffffffffffff

Linker script and memory map

                0x0000000000100000                . = 0x100000

.text           0x0000000000100000       0x2a
 *(.text)
 .text          0x0000000000100000        0xe start.o
                0x0000000000100000                _start
 .text          0x000000000010000e       0x1c main.o
                0x000000000010000e                main

.eh_frame       0x0000000000100030       0x38
 .eh_frame      0x0000000000100030       0x38 main.o

.iplt           0x0000000000100068        0x0
 .iplt          0x0000000000100068        0x0 start.o

.rela.dyn       0x0000000000100068        0x0
 .rela.got      0x0000000000100068        0x0 start.o
 .rela.iplt     0x0000000000100068        0x0 start.o

.data           0x0000000000100068        0x4
 *(.data)
 .data          0x0000000000100068        0x0 start.o
 .data          0x0000000000100068        0x4 main.o
                0x0000000000100068                global_data

.got            0x0000000000100070        0x0
 .got           0x0000000000100070        0x0 start.o

.got.plt        0x0000000000100070        0x0
 .got.plt       0x0000000000100070        0x0 start.o

.igot.plt       0x0000000000100070        0x0
 .igot.plt      0x0000000000100070        0x0 start.o

.bss            0x000000000010006c        0x4
 *(.bss)
 .bss           0x000000000010006c        0x0 start.o
 .bss           0x000000000010006c        0x4 main.o
                0x000000000010006c                global_bss
LOAD start.o
LOAD main.o
OUTPUT(custom.elf elf64-x86-64)

.note.GNU-stack
                0x0000000000000000        0x0
 .note.GNU-stack
                0x0000000000000000        0x0 start.o
 .note.GNU-stack
                0x0000000000000000        0x0 main.o

.comment        0x0000000000000000       0x2d
 .comment       0x0000000000000000       0x2d main.o
                                         0x2e (size before relaxing)
