
Merging program properties

Removed property 0xc0000002 to merge main.o (0x3) and start.o (not found)
Removed property 0xc0000002 to merge main.o (not found) and init.o (0x3)

Discarded input sections

 .note.gnu.property
                0x0000000000000000       0x20 main.o
 .note.gnu.property
                0x0000000000000000       0x20 init.o

Memory Configuration

Name             Origin             Length             Attributes
ROM              0x0000000000400000 0x0000000000010000 xr
RAM              0x0000000000600000 0x0000000000010000 rw
*default*        0x0000000000000000 0xffffffffffffffff

Linker script and memory map


.text           0x0000000000400000       0x90
                0x0000000000400000                _stext = .
 *(.text)
 .text          0x0000000000400000        0xe start.o
                0x0000000000400000                _start
 .text          0x000000000040000e       0x34 main.o
                0x000000000040000e                main
 .text          0x0000000000400042       0x4e init.o
                0x0000000000400042                copy_data
 *(.text.*)
                0x0000000000400090                _etext = .

.iplt           0x0000000000400090        0x0
 .iplt          0x0000000000400090        0x0 start.o

.rela.dyn       0x0000000000400090        0x0
 .rela.got      0x0000000000400090        0x0 start.o
 .rela.iplt     0x0000000000400090        0x0 start.o
 .rela.text     0x0000000000400090        0x0 start.o

.rodata
 *(.rodata)
 *(.rodata.*)

.eh_frame       0x0000000000400090       0x58
 .eh_frame      0x0000000000400090       0x38 main.o
 .eh_frame      0x00000000004000c8       0x20 init.o
                                         0x38 (size before relaxing)

.data           0x0000000000600000        0x4 load address 0x00000000004000e8
                0x0000000000600000                _sdata = .
 *(.data)
 .data          0x0000000000600000        0x0 start.o
 .data          0x0000000000600000        0x4 main.o
                0x0000000000600000                initialized_value
 .data          0x0000000000600004        0x0 init.o
 *(.data.*)
                0x0000000000600004                _edata = .
                0x00000000004000e8                _data_load = LOADADDR (.data)
                0x0000000000000004                _data_size = SIZEOF (.data)

.got            0x0000000000600008        0x0 load address 0x00000000004000ec
 .got           0x0000000000600008        0x0 start.o

.got.plt        0x0000000000600008        0x0 load address 0x00000000004000ec
 .got.plt       0x0000000000600008        0x0 start.o

.igot.plt       0x0000000000600008        0x0 load address 0x00000000004000ec
 .igot.plt      0x0000000000600008        0x0 start.o

.bss            0x0000000000600004        0x4 load address 0x00000000004000ec
                0x0000000000600004                _sbss = .
 *(.bss)
 .bss           0x0000000000600004        0x0 start.o
 .bss           0x0000000000600004        0x4 main.o
                0x0000000000600004                zero_value
 .bss           0x0000000000600008        0x0 init.o
 *(.bss.*)
 *(COMMON)
                0x0000000000600008                _ebss = .
                0x0000000000600000                _data_vma = ADDR (.data)
                0x00000000004000e8                _data_lma = LOADADDR (.data)
LOAD start.o
LOAD main.o
LOAD init.o
OUTPUT(data-bss.elf elf64-x86-64)

.note.GNU-stack
                0x0000000000000000        0x0
 .note.GNU-stack
                0x0000000000000000        0x0 start.o
 .note.GNU-stack
                0x0000000000000000        0x0 main.o
 .note.GNU-stack
                0x0000000000000000        0x0 init.o

.comment        0x0000000000000000       0x2d
 .comment       0x0000000000000000       0x2d main.o
                                         0x2e (size before relaxing)
 .comment       0x000000000000002d       0x2e init.o
