
Merging program properties

Removed property 0xc0000002 to merge main.o (0x3) and start.o (not found)

Discarded input sections

 .note.gnu.property
                0x0000000000000000       0x20 main.o

Memory Configuration

Name             Origin             Length             Attributes
ROM              0x0000000000400000 0x0000000000010000 xr
*default*        0x0000000000000000 0xffffffffffffffff

Linker script and memory map


.text           0x0000000000400000       0x3e
                0x0000000000400000                _stext = .
 *(.text)
 .text          0x0000000000400000        0xe start.o
                0x0000000000400000                _start
 .text          0x000000000040000e        0x0 main.o
 *(.text.*)
 .text.used_function
                0x000000000040000e        0xf main.o
 .text.unused_function
                0x000000000040001d        0xf main.o
 .text.main     0x000000000040002c       0x12 main.o
                0x000000000040002c                main
                0x000000000040003e                _etext = .
LOAD start.o
LOAD main.o
OUTPUT(normal.elf elf64-x86-64)

.eh_frame       0x0000000000400040       0x78
 .eh_frame      0x0000000000400040       0x78 main.o

.iplt           0x00000000004000b8        0x0
 .iplt          0x00000000004000b8        0x0 start.o

.rela.dyn       0x00000000004000b8        0x0
 .rela.got      0x00000000004000b8        0x0 start.o
 .rela.iplt     0x00000000004000b8        0x0 start.o

.data           0x00000000004000b8        0x0
 .data          0x00000000004000b8        0x0 start.o
 .data          0x00000000004000b8        0x0 main.o

.got            0x00000000004000b8        0x0
 .got           0x00000000004000b8        0x0 start.o

.got.plt        0x00000000004000b8        0x0
 .got.plt       0x00000000004000b8        0x0 start.o

.igot.plt       0x00000000004000b8        0x0
 .igot.plt      0x00000000004000b8        0x0 start.o

.bss            0x00000000004000b8        0x0
 .bss           0x00000000004000b8        0x0 start.o
 .bss           0x00000000004000b8        0x0 main.o

.note.GNU-stack
                0x0000000000000000        0x0
 .note.GNU-stack
                0x0000000000000000        0x0 start.o
 .note.GNU-stack
                0x0000000000000000        0x0 main.o

.comment        0x0000000000000000       0x2d
 .comment       0x0000000000000000       0x2d main.o
                                         0x2e (size before relaxing)
