
Merging program properties

Removed property 0xc0000002 to merge main.o (0x3) and start.o (not found)
Removed property 0xc0000002 to merge main.o (not found) and weak_a.o (0x3)
Removed property 0xc0000002 to merge main.o (not found) and strong_b.o (0x3)

Discarded input sections

 .note.gnu.property
                0x0000000000000000       0x20 main.o
 .note.gnu.property
                0x0000000000000000       0x20 weak_a.o
 .note.gnu.property
                0x0000000000000000       0x20 strong_b.o

Memory Configuration

Name             Origin             Length             Attributes
ROM              0x0000000000400000 0x0000000000010000 xr
*default*        0x0000000000000000 0xffffffffffffffff

Linker script and memory map


.text           0x0000000000400000       0x1e
                0x0000000000400000                _stext = .
 *(.text)
 .text          0x0000000000400000        0xe start.o
                0x0000000000400000                _start
 .text          0x000000000040000e       0x10 main.o
                0x000000000040000e                main
 .text          0x000000000040001e        0x0 weak_a.o
 .text          0x000000000040001e        0x0 strong_b.o
 *(.text.*)
                0x000000000040001e                _etext = .

.iplt           0x000000000040001e        0x0
 .iplt          0x000000000040001e        0x0 start.o

.rela.dyn       0x0000000000400020        0x0
 .rela.got      0x0000000000400020        0x0 start.o
 .rela.iplt     0x0000000000400020        0x0 start.o

.rodata
 *(.rodata)
 *(.rodata.*)

.eh_frame       0x0000000000400020       0x38
 .eh_frame      0x0000000000400020       0x38 main.o

.data           0x0000000000400058        0x8
 *(.data)
 .data          0x0000000000400058        0x0 start.o
 .data          0x0000000000400058        0x0 main.o
 .data          0x0000000000400058        0x4 weak_a.o
 .data          0x000000000040005c        0x4 strong_b.o
                0x000000000040005c                value
 *(.data.*)

.got            0x0000000000400060        0x0
 .got           0x0000000000400060        0x0 start.o

.got.plt        0x0000000000400060        0x0
 .got.plt       0x0000000000400060        0x0 start.o

.igot.plt       0x0000000000400060        0x0
 .igot.plt      0x0000000000400060        0x0 start.o

.bss            0x0000000000400060        0x0
 *(.bss)
 .bss           0x0000000000400060        0x0 start.o
 .bss           0x0000000000400060        0x0 main.o
 .bss           0x0000000000400060        0x0 weak_a.o
 .bss           0x0000000000400060        0x0 strong_b.o
 *(.bss.*)
 *(COMMON)
LOAD start.o
LOAD main.o
LOAD weak_a.o
LOAD strong_b.o
OUTPUT(weak-strong.elf elf64-x86-64)

.note.GNU-stack
                0x0000000000000000        0x0
 .note.GNU-stack
                0x0000000000000000        0x0 start.o
 .note.GNU-stack
                0x0000000000000000        0x0 main.o
 .note.GNU-stack
                0x0000000000000000        0x0 weak_a.o
 .note.GNU-stack
                0x0000000000000000        0x0 strong_b.o

.comment        0x0000000000000000       0x2d
 .comment       0x0000000000000000       0x2d main.o
                                         0x2e (size before relaxing)
 .comment       0x000000000000002d       0x2e weak_a.o
 .comment       0x000000000000002d       0x2e strong_b.o
