
Merging program properties

Removed property 0xc0000002 to merge main.o (0x3) and start.o (not found)
Removed property 0xc0000002 to merge main.o (not found) and foo.o (0x3)
Removed property 0xc0000002 to merge main.o (not found) and bar.o (0x3)
Removed property 0xc0000002 to merge main.o (not found) and baz.o (0x3)

Discarded input sections

 .note.gnu.property
                0x0000000000000000       0x20 main.o
 .note.gnu.property
                0x0000000000000000       0x20 foo.o
 .note.gnu.property
                0x0000000000000000       0x20 bar.o
 .note.gnu.property
                0x0000000000000000       0x20 baz.o

Memory Configuration

Name             Origin             Length             Attributes
ROM              0x0000000000400000 0x0000000000010000 xr
*default*        0x0000000000000000 0xffffffffffffffff

Linker script and memory map


.text           0x0000000000400000       0x43
 *(SORT_BY_NAME(.text.*))
 .text.bar      0x0000000000400000        0xb bar.o
                0x0000000000400000                bar
 .text.baz      0x000000000040000b        0xb baz.o
                0x000000000040000b                baz
 .text.foo      0x0000000000400016        0xb foo.o
                0x0000000000400016                foo
 *(.text)
 .text          0x0000000000400021        0xe start.o
                0x0000000000400021                _start
 .text          0x000000000040002f       0x14 main.o
                0x000000000040002f                main
 .text          0x0000000000400043        0x0 foo.o
 .text          0x0000000000400043        0x0 bar.o
 .text          0x0000000000400043        0x0 baz.o
LOAD start.o
LOAD main.o
LOAD foo.o
LOAD bar.o
LOAD baz.o
OUTPUT(sort02.elf elf64-x86-64)

.eh_frame       0x0000000000400048       0x98
 .eh_frame      0x0000000000400048       0x38 main.o
 .eh_frame      0x0000000000400080       0x20 foo.o
                                         0x38 (size before relaxing)
 .eh_frame      0x00000000004000a0       0x20 bar.o
                                         0x38 (size before relaxing)
 .eh_frame      0x00000000004000c0       0x20 baz.o
                                         0x38 (size before relaxing)

.iplt           0x00000000004000e0        0x0
 .iplt          0x00000000004000e0        0x0 start.o

.rela.dyn       0x00000000004000e0        0x0
 .rela.got      0x00000000004000e0        0x0 start.o
 .rela.iplt     0x00000000004000e0        0x0 start.o

.data           0x00000000004000e0        0x0
 .data          0x00000000004000e0        0x0 start.o
 .data          0x00000000004000e0        0x0 main.o
 .data          0x00000000004000e0        0x0 foo.o
 .data          0x00000000004000e0        0x0 bar.o
 .data          0x00000000004000e0        0x0 baz.o

.got            0x00000000004000e0        0x0
 .got           0x00000000004000e0        0x0 start.o

.got.plt        0x00000000004000e0        0x0
 .got.plt       0x00000000004000e0        0x0 start.o

.igot.plt       0x00000000004000e0        0x0
 .igot.plt      0x00000000004000e0        0x0 start.o

.bss            0x00000000004000e0        0x0
 .bss           0x00000000004000e0        0x0 start.o
 .bss           0x00000000004000e0        0x0 main.o
 .bss           0x00000000004000e0        0x0 foo.o
 .bss           0x00000000004000e0        0x0 bar.o
 .bss           0x00000000004000e0        0x0 baz.o

.note.GNU-stack
                0x0000000000000000        0x0
 .note.GNU-stack
                0x0000000000000000        0x0 start.o
 .note.GNU-stack
                0x0000000000000000        0x0 main.o
 .note.GNU-stack
                0x0000000000000000        0x0 foo.o
 .note.GNU-stack
                0x0000000000000000        0x0 bar.o
 .note.GNU-stack
                0x0000000000000000        0x0 baz.o

.comment        0x0000000000000000       0x2d
 .comment       0x0000000000000000       0x2d main.o
                                         0x2e (size before relaxing)
 .comment       0x000000000000002d       0x2e foo.o
 .comment       0x000000000000002d       0x2e bar.o
 .comment       0x000000000000002d       0x2e baz.o
