
Merging program properties

Removed property 0xc0000002 to merge main.o (0x3) and start.o (not found)
Removed property 0xc0000002 to merge main.o (not found) and foo.o (0x3)
Removed property 0xc0000002 to merge main.o (not found) and bar.o (0x3)
Removed property 0xc0000002 to merge main.o (not found) and baz.o (0x3)
Removed property 0xc0000002 to merge main.o (not found) and vector.o (0x3)

Discarded input sections

 .data          0x0000000000000000        0x0 start.o
 .bss           0x0000000000000000        0x0 start.o
 .text          0x0000000000000000        0x0 main.o
 .data          0x0000000000000000        0x0 main.o
 .bss           0x0000000000000000        0x0 main.o
 .note.gnu.property
                0x0000000000000000       0x20 main.o
 .eh_frame      0x0000000000000000       0x38 main.o
 .text          0x0000000000000000        0x0 foo.o
 .data          0x0000000000000000        0x0 foo.o
 .bss           0x0000000000000000        0x0 foo.o
 .note.gnu.property
                0x0000000000000000       0x20 foo.o
 .eh_frame      0x0000000000000000       0x38 foo.o
 .text          0x0000000000000000        0x0 bar.o
 .data          0x0000000000000000        0x0 bar.o
 .bss           0x0000000000000000        0x0 bar.o
 .text.100      0x0000000000000000        0xb bar.o
 .comment       0x0000000000000000       0x2e bar.o
 .note.GNU-stack
                0x0000000000000000        0x0 bar.o
 .note.gnu.property
                0x0000000000000000       0x20 bar.o
 .eh_frame      0x0000000000000000       0x38 bar.o
 .text          0x0000000000000000        0x0 baz.o
 .data          0x0000000000000000        0x0 baz.o
 .bss           0x0000000000000000        0x0 baz.o
 .text.200      0x0000000000000000        0xb baz.o
 .comment       0x0000000000000000       0x2e baz.o
 .note.GNU-stack
                0x0000000000000000        0x0 baz.o
 .note.gnu.property
                0x0000000000000000       0x20 baz.o
 .eh_frame      0x0000000000000000       0x38 baz.o
 .text          0x0000000000000000        0x0 vector.o
 .data          0x0000000000000000        0x0 vector.o
 .bss           0x0000000000000000        0x0 vector.o
 .note.gnu.property
                0x0000000000000000       0x20 vector.o
 .eh_frame      0x0000000000000000       0x58 vector.o

Memory Configuration

Name             Origin             Length             Attributes
ROM              0x0000000000400000 0x0000000000010000 xr
*default*        0x0000000000000000 0xffffffffffffffff

Linker script and memory map


.text           0x0000000000400000       0x43
 *(SORT_BY_NAME(.text.*))
 .text.300      0x0000000000400000        0xb foo.o
                0x0000000000400000                foo
 .text.irq_handler
                0x000000000040000b        0xb vector.o
                0x000000000040000b                irq_handler
 .text.main     0x0000000000400016       0x14 main.o
                0x0000000000400016                main
 .text.reset_handler
                0x000000000040002a        0xb vector.o
                0x000000000040002a                reset_handler
 *(.text)
 .text          0x0000000000400035        0xe start.o
                0x0000000000400035                _start

.iplt           0x0000000000400043        0x0
 .iplt          0x0000000000400043        0x0 start.o

.rela.dyn       0x0000000000400048        0x0
 .rela.got      0x0000000000400048        0x0 start.o
 .rela.iplt     0x0000000000400048        0x0 start.o

.isr_vector     0x0000000000400050       0x10
 *(.isr_vector)
 .isr_vector    0x0000000000400050       0x10 vector.o
                0x0000000000400050                vector_table
LOAD start.o
LOAD main.o
LOAD foo.o
LOAD bar.o
LOAD baz.o
LOAD vector.o
OUTPUT(vector01.elf elf64-x86-64)

.got            0x0000000000400060        0x0
 .got           0x0000000000400060        0x0 start.o

.got.plt        0x0000000000400060        0x0
 .got.plt       0x0000000000400060        0x0 start.o

.igot.plt       0x0000000000400060        0x0
 .igot.plt      0x0000000000400060        0x0 start.o

.note.GNU-stack
                0x0000000000000000        0x0
 .note.GNU-stack
                0x0000000000000000        0x0 start.o
 .note.GNU-stack
                0x0000000000000000        0x0 main.o
 .note.GNU-stack
                0x0000000000000000        0x0 foo.o
 .note.GNU-stack
                0x0000000000000000        0x0 vector.o

.comment        0x0000000000000000       0x2d
 .comment       0x0000000000000000       0x2d main.o
                                         0x2e (size before relaxing)
 .comment       0x000000000000002d       0x2e foo.o
 .comment       0x000000000000002d       0x2e vector.o
