Archive member included to satisfy reference by file (symbol)

libA.a(a.o)                   main.o (a)
libB.a(b.o)                   libA.a(a.o) (foo)

Merging program properties

Removed property 0xc0000002 to merge main.o (0x3) and start.o (not found)
Removed property 0xc0000002 to merge main.o (not found) and libA.a(a.o) (0x3)
Removed property 0xc0000002 to merge main.o (not found) and libB.a(b.o) (0x3)

Discarded input sections

 .note.gnu.property
                0x0000000000000000       0x20 main.o
 .note.gnu.property
                0x0000000000000000       0x20 libA.a(a.o)
 .note.gnu.property
                0x0000000000000000       0x20 libB.a(b.o)

Memory Configuration

Name             Origin             Length             Attributes
ROM              0x0000000000400000 0x0000000000010000 xr
*default*        0x0000000000000000 0xffffffffffffffff

Linker script and memory map


.text           0x0000000000400000       0x2f
                0x0000000000400000                _stext = .
 *(.text)
 .text          0x0000000000400000        0xe start.o
                0x0000000000400000                _start
 .text          0x000000000040000e        0xf main.o
                0x000000000040000e                main
 .text          0x000000000040001d       0x12 libA.a(a.o)
                0x000000000040001d                a
 .text          0x000000000040002f        0x0 libB.a(b.o)
 *(.text.*)
                0x000000000040002f                _etext = .

.iplt           0x000000000040002f        0x0
 .iplt          0x000000000040002f        0x0 start.o
                0x0000000000400100                . = ALIGN (0x100)

.special        0x000000000040002f        0xf
 *(.special)
 .special       0x000000000040002f        0xf libB.a(b.o)
                0x000000000040002f                foo

.rela.dyn       0x0000000000400040        0x0
 .rela.got      0x0000000000400040        0x0 start.o
 .rela.iplt     0x0000000000400040        0x0 start.o

.rodata
 *(.rodata)
 *(.rodata.*)

.eh_frame       0x0000000000400040       0x78
 .eh_frame      0x0000000000400040       0x38 main.o
 .eh_frame      0x0000000000400078       0x20 libA.a(a.o)
                                         0x38 (size before relaxing)
 .eh_frame      0x0000000000400098       0x20 libB.a(b.o)
                                         0x38 (size before relaxing)

.data           0x00000000004000b8        0x0
 *(.data)
 .data          0x00000000004000b8        0x0 start.o
 .data          0x00000000004000b8        0x0 main.o
 .data          0x00000000004000b8        0x0 libA.a(a.o)
 .data          0x00000000004000b8        0x0 libB.a(b.o)
 *(.data.*)

.got            0x00000000004000b8        0x0
 .got           0x00000000004000b8        0x0 start.o

.got.plt        0x00000000004000b8        0x0
 .got.plt       0x00000000004000b8        0x0 start.o

.igot.plt       0x00000000004000b8        0x0
 .igot.plt      0x00000000004000b8        0x0 start.o

.bss            0x00000000004000b8        0x0
 *(.bss)
 .bss           0x00000000004000b8        0x0 start.o
 .bss           0x00000000004000b8        0x0 main.o
 .bss           0x00000000004000b8        0x0 libA.a(a.o)
 .bss           0x00000000004000b8        0x0 libB.a(b.o)
 *(.bss.*)
 *(COMMON)
LOAD start.o
LOAD main.o
LOAD libA.a
LOAD libB.a
OUTPUT(wrong-order.elf elf64-x86-64)

.note.GNU-stack
                0x0000000000000000        0x0
 .note.GNU-stack
                0x0000000000000000        0x0 start.o
 .note.GNU-stack
                0x0000000000000000        0x0 main.o
 .note.GNU-stack
                0x0000000000000000        0x0 libA.a(a.o)
 .note.GNU-stack
                0x0000000000000000        0x0 libB.a(b.o)

.comment        0x0000000000000000       0x2d
 .comment       0x0000000000000000       0x2d main.o
                                         0x2e (size before relaxing)
 .comment       0x000000000000002d       0x2e libA.a(a.o)
 .comment       0x000000000000002d       0x2e libB.a(b.o)
